22:06:04 **** Incremental Build of configuration Debug for project LM35_temp ****
make -j16 all 
arm-none-eabi-gcc "../Src/main.c" -mcpu=cortex-m4 -std=gnu11 -g3 -DDEBUG -DSTM32 -DSTM32F4 -DSTM32F446RETx -DNUCLEO_F446RE -c -I../Inc -O0 -ffunction-sections -fdata-sections -Wall -fstack-usage -fcyclomatic-complexity -MMD -MP -MF"Src/main.d" -MT"Src/main.o" --specs=nano.specs -mfloat-abi=soft -mthumb -o "Src/main.o"
../Src/main.c: In function 'main':
../Src/main.c:54:45: warning: multi-character character constant [-Wmultichar]
   54 |                 printf("T : %.3f%cC\n",temp,'°');
      |                                             ^~~
arm-none-eabi-gcc -o "LM35_temp.elf" @"objects.list"   -mcpu=cortex-m4 -T"C:\Users\felix\Desktop\entri\STM32\LM35_temp\STM32F446RETX_FLASH.ld" --specs=nosys.specs -Wl,-Map="LM35_temp.map" -Wl,--gc-sections -static --specs=nano.specs -mfloat-abi=soft -mthumb -u _printf_float -u _scanf_float -Wl,--start-group -lc -lm -Wl,--end-group
Finished building target: LM35_temp.elf
 
arm-none-eabi-size  LM35_temp.elf 
arm-none-eabi-objdump -h -S LM35_temp.elf  > "LM35_temp.list"
   text	   data	    bss	    dec	    hex	filename
  23432	    456	   1904	  25792	   64c0	LM35_temp.elf
Finished building: default.size.stdout
 
Finished building: LM35_temp.list
 
22:06:11 **** Incremental Build of configuration Debug for project LM35_temp ****
make -j16 all 
arm-none-eabi-size  LM35_temp.elf 
   text	   data	    bss	    dec	    hex	filename
  23432	    456	   1904	  25792	   64c0	LM35_temp.elf
Finished building: default.size.stdout
 
