../Src/syscalls.c:23:13:ITM_Init	4	static
../Src/syscalls.c:50:13:ITM_SendChar	24	static
../Src/syscalls.c:75:6:initialise_monitor_handles	4	static
../Src/syscalls.c:77:5:_getpid	4	static
../Src/syscalls.c:79:5:_kill	16	static
../Src/syscalls.c:87:6:_exit	16	static
../Src/syscalls.c:93:27:_read	32	static
../Src/syscalls.c:106:27:_write	32	static
../Src/syscalls.c:128:5:_close	16	static
../Src/syscalls.c:134:5:_fstat	16	static
../Src/syscalls.c:141:5:_isatty	16	static
../Src/syscalls.c:147:5:_lseek	24	static
../Src/syscalls.c:155:5:_open	12	static
../Src/syscalls.c:162:5:_wait	16	static
../Src/syscalls.c:169:5:_unlink	16	static
../Src/syscalls.c:176:5:_times	16	static
../Src/syscalls.c:182:5:_stat	16	static
../Src/syscalls.c:189:5:_link	16	static
../Src/syscalls.c:197:5:_fork	8	static
../Src/syscalls.c:203:5:_execve	24	static
